python : 259 INFO: PyInstaller: 6.15.0, contrib hooks: 2025.8
At line:1 char:1
+ python -m PyInstaller --onefile --windowed --noconsole --name=LaptopT ...
+ ~~~~~~~~~~~~~~~~~~~~~~~~~~~~~~~~~~~~~~~~~~~~~~~~~~~~~~~~~~~~~~~~~~~~~
    + CategoryInfo          : NotSpecified: (259 INFO: PyIns...b hooks: 2025.8:String) [], RemoteException
    + FullyQualifiedErrorId : NativeCommandError
 
260 INFO: Python: 3.12.9
304 INFO: Platform: Windows-11-10.0.26200-SP0
304 INFO: Python environment: C:\Users\Ale01\AppData\Local\Programs\Python\Python312
307 INFO: wrote C:\MyApps\LaptopTester\LaptopTesterPro_v2.7.9.spec
1636 INFO: Module search paths (PYTHONPATH):
['C:\\MyApps\\LaptopTester',
 'C:\\Users\\Ale01\\AppData\\Local\\Programs\\Python\\Python312\\python312.zip',
 'C:\\Users\\Ale01\\AppData\\Local\\Programs\\Python\\Python312\\DLLs',
 'C:\\Users\\Ale01\\AppData\\Local\\Programs\\Python\\Python312\\Lib',
 'C:\\Users\\Ale01\\AppData\\Local\\Programs\\Python\\Python312',
 'C:\\Users\\Ale01\\AppData\\Local\\Programs\\Python\\Python312\\Lib\\site-packages',
 'C:\\Users\\Ale01\\AppData\\Local\\Programs\\Python\\Python312\\Lib\\site-packages\\win32',
 'C:\\Users\\Ale01\\AppData\\Local\\Programs\\Python\\Python312\\Lib\\site-packages\\win32\\lib',
 'C:\\Users\\Ale01\\AppData\\Local\\Programs\\Python\\Python312\\Lib\\site-packages\\Pythonwin',
 'C:\\Users\\Ale01\\AppData\\Local\\Programs\\Python\\Python312\\Lib\\site-packages\\setuptools\\_vendor',
 'C:\\MyApps\\LaptopTester']
pygame 2.6.1 (SDL 2.28.4, Python 3.12.9)
Hello from the pygame community. https://www.pygame.org/contribute.html
2278 INFO: Appending 'datas' from .spec
2289 INFO: checking Analysis
2289 INFO: Building Analysis because Analysis-00.toc is non existent
2289 INFO: Running Analysis Analysis-00.toc
2289 INFO: Target bytecode optimization level: 0
2289 INFO: Initializing module dependency graph...
2290 INFO: Initializing module graph hook caches...
2305 INFO: Analyzing modules for base_library.zip ...
3998 INFO: Processing standard module hook 'hook-encodings.py' from 
'C:\\Users\\Ale01\\AppData\\Local\\Programs\\Python\\Python312\\Lib\\site-packages\\PyInstaller\\hooks'
5474 INFO: Processing standard module hook 'hook-pickle.py' from 
'C:\\Users\\Ale01\\AppData\\Local\\Programs\\Python\\Python312\\Lib\\site-packages\\PyInstaller\\hooks'
6249 INFO: Processing standard module hook 'hook-heapq.py' from 
'C:\\Users\\Ale01\\AppData\\Local\\Programs\\Python\\Python312\\Lib\\site-packages\\PyInstaller\\hooks'
6578 INFO: Caching module dependency graph...
6620 INFO: Looking for Python shared library...
6624 INFO: Using Python shared library: C:\Users\Ale01\AppData\Local\Programs\Python\Python312\python312.dll
6624 INFO: Analyzing C:\MyApps\LaptopTester\build_main.py
6649 INFO: Processing standard module hook 'hook-multiprocessing.util.py' from 
'C:\\Users\\Ale01\\AppData\\Local\\Programs\\Python\\Python312\\Lib\\site-packages\\PyInstaller\\hooks'
6784 INFO: Processing standard module hook 'hook-xml.py' from 
'C:\\Users\\Ale01\\AppData\\Local\\Programs\\Python\\Python312\\Lib\\site-packages\\PyInstaller\\hooks'
6980 INFO: Processing standard module hook 'hook-_ctypes.py' from 
'C:\\Users\\Ale01\\AppData\\Local\\Programs\\Python\\Python312\\Lib\\site-packages\\PyInstaller\\hooks'
6994 INFO: Processing standard module hook 'hook-customtkinter.py' from 
'C:\\Users\\Ale01\\AppData\\Local\\Programs\\Python\\Python312\\Lib\\site-packages\\_pyinstaller_hooks_contrib\\stdhooks'
7090 INFO: Processing pre-find-module-path hook 'hook-tkinter.py' from 'C:\\Users\\Ale01\\AppData\\Local\\Programs\\Python
\\Python312\\Lib\\site-packages\\PyInstaller\\hooks\\pre_find_module_path'
7090 INFO: TclTkInfo: initializing cached Tcl/Tk info...
7413 INFO: Processing standard module hook 'hook-_tkinter.py' from 
'C:\\Users\\Ale01\\AppData\\Local\\Programs\\Python\\Python312\\Lib\\site-packages\\PyInstaller\\hooks'
7499 INFO: Processing standard module hook 'hook-platform.py' from 
'C:\\Users\\Ale01\\AppData\\Local\\Programs\\Python\\Python312\\Lib\\site-packages\\PyInstaller\\hooks'
7503 INFO: Processing pre-safe-import-module hook 'hook-packaging.py' from 'C:\\Users\\Ale01\\AppData\\Local\\Programs\\Py
thon\\Python312\\Lib\\site-packages\\PyInstaller\\hooks\\pre_safe_import_module'
7503 INFO: SetuptoolsInfo: initializing cached setuptools info...
11324 INFO: Processing pre-safe-import-module hook 'hook-typing_extensions.py' from 'C:\\Users\\Ale01\\AppData\\Local\\Pro
grams\\Python\\Python312\\Lib\\site-packages\\PyInstaller\\hooks\\pre_safe_import_module'
11874 INFO: Processing standard module hook 'hook-PIL.py' from 
'C:\\Users\\Ale01\\AppData\\Local\\Programs\\Python\\Python312\\Lib\\site-packages\\PyInstaller\\hooks'
11959 INFO: Processing standard module hook 'hook-PIL.Image.py' from 
'C:\\Users\\Ale01\\AppData\\Local\\Programs\\Python\\Python312\\Lib\\site-packages\\PyInstaller\\hooks'
12450 INFO: Processing standard module hook 'hook-numpy.py' from 
'C:\\Users\\Ale01\\AppData\\Local\\Programs\\Python\\Python312\\Lib\\site-packages\\PyInstaller\\hooks'
12860 INFO: Processing standard module hook 'hook-sysconfig.py' from 
'C:\\Users\\Ale01\\AppData\\Local\\Programs\\Python\\Python312\\Lib\\site-packages\\PyInstaller\\hooks'
13594 INFO: Processing standard module hook 'hook-difflib.py' from 
'C:\\Users\\Ale01\\AppData\\Local\\Programs\\Python\\Python312\\Lib\\site-packages\\PyInstaller\\hooks'
13846 INFO: Processing standard module hook 'hook-psutil.py' from 
'C:\\Users\\Ale01\\AppData\\Local\\Programs\\Python\\Python312\\Lib\\site-packages\\_pyinstaller_hooks_contrib\\stdhooks'
14589 INFO: Processing standard module hook 'hook-charset_normalizer.py' from 
'C:\\Users\\Ale01\\AppData\\Local\\Programs\\Python\\Python312\\Lib\\site-packages\\_pyinstaller_hooks_contrib\\stdhooks'
14950 INFO: Processing standard module hook 'hook-xml.etree.cElementTree.py' from 
'C:\\Users\\Ale01\\AppData\\Local\\Programs\\Python\\Python312\\Lib\\site-packages\\PyInstaller\\hooks'
15120 INFO: Processing standard module hook 'hook-PIL.ImageFilter.py' from 
'C:\\Users\\Ale01\\AppData\\Local\\Programs\\Python\\Python312\\Lib\\site-packages\\PyInstaller\\hooks'
15844 INFO: Processing standard module hook 'hook-pygame.py' from 
'C:\\Users\\Ale01\\AppData\\Local\\Programs\\Python\\Python312\\Lib\\site-packages\\pygame\\__pyinstaller'
16287 INFO: Processing standard module hook 'hook-pkg_resources.py' from 
'C:\\Users\\Ale01\\AppData\\Local\\Programs\\Python\\Python312\\Lib\\site-packages\\PyInstaller\\hooks'
16855 INFO: Processing pre-safe-import-module hook 'hook-jaraco.text.py' from 'C:\\Users\\Ale01\\AppData\\Local\\Programs\
\Python\\Python312\\Lib\\site-packages\\PyInstaller\\hooks\\pre_safe_import_module'
16860 INFO: Setuptools: 'jaraco.text' appears to be a setuptools-vendored copy - creating alias to 
'setuptools._vendor.jaraco.text'!
16864 INFO: Processing standard module hook 'hook-setuptools.py' from 
'C:\\Users\\Ale01\\AppData\\Local\\Programs\\Python\\Python312\\Lib\\site-packages\\PyInstaller\\hooks'
16874 INFO: Processing pre-safe-import-module hook 'hook-distutils.py' from 'C:\\Users\\Ale01\\AppData\\Local\\Programs\\P
ython\\Python312\\Lib\\site-packages\\PyInstaller\\hooks\\pre_safe_import_module'
16894 INFO: Processing pre-safe-import-module hook 'hook-jaraco.functools.py' from 'C:\\Users\\Ale01\\AppData\\Local\\Prog
rams\\Python\\Python312\\Lib\\site-packages\\PyInstaller\\hooks\\pre_safe_import_module'
16894 INFO: Setuptools: 'jaraco.functools' appears to be a setuptools-vendored copy - creating alias to 
'setuptools._vendor.jaraco.functools'!
16904 INFO: Processing pre-safe-import-module hook 'hook-more_itertools.py' from 'C:\\Users\\Ale01\\AppData\\Local\\Progra
ms\\Python\\Python312\\Lib\\site-packages\\PyInstaller\\hooks\\pre_safe_import_module'
16909 INFO: Setuptools: 'more_itertools' appears to be a setuptools-vendored copy - creating alias to 
'setuptools._vendor.more_itertools'!
17179 INFO: Processing pre-safe-import-module hook 'hook-importlib_metadata.py' from 'C:\\Users\\Ale01\\AppData\\Local\\Pr
ograms\\Python\\Python312\\Lib\\site-packages\\PyInstaller\\hooks\\pre_safe_import_module'
17182 INFO: Setuptools: 'importlib_metadata' appears to be a setuptools-vendored copy - creating alias to 
'setuptools._vendor.importlib_metadata'!
17202 INFO: Processing standard module hook 'hook-setuptools._vendor.importlib_metadata.py' from 
'C:\\Users\\Ale01\\AppData\\Local\\Programs\\Python\\Python312\\Lib\\site-packages\\PyInstaller\\hooks'
17204 INFO: Processing pre-safe-import-module hook 'hook-zipp.py' from 'C:\\Users\\Ale01\\AppData\\Local\\Programs\\Python
\\Python312\\Lib\\site-packages\\PyInstaller\\hooks\\pre_safe_import_module'
17204 INFO: Setuptools: 'zipp' appears to be a setuptools-vendored copy - creating alias to 'setuptools._vendor.zipp'!
17494 INFO: Processing pre-safe-import-module hook 'hook-tomli.py' from 'C:\\Users\\Ale01\\AppData\\Local\\Programs\\Pytho
n\\Python312\\Lib\\site-packages\\PyInstaller\\hooks\\pre_safe_import_module'
17494 INFO: Setuptools: 'tomli' appears to be a setuptools-vendored copy - creating alias to 'setuptools._vendor.tomli'!
17920 INFO: Processing pre-safe-import-module hook 'hook-wheel.py' from 'C:\\Users\\Ale01\\AppData\\Local\\Programs\\Pytho
n\\Python312\\Lib\\site-packages\\PyInstaller\\hooks\\pre_safe_import_module'
18049 INFO: Processing standard module hook 'hook-setuptools._vendor.jaraco.text.py' from 
'C:\\Users\\Ale01\\AppData\\Local\\Programs\\Python\\Python312\\Lib\\site-packages\\PyInstaller\\hooks'
18054 INFO: Processing pre-safe-import-module hook 'hook-importlib_resources.py' from 'C:\\Users\\Ale01\\AppData\\Local\\P
rograms\\Python\\Python312\\Lib\\site-packages\\PyInstaller\\hooks\\pre_safe_import_module'
18054 INFO: Processing pre-safe-import-module hook 'hook-jaraco.context.py' from 'C:\\Users\\Ale01\\AppData\\Local\\Progra
ms\\Python\\Python312\\Lib\\site-packages\\PyInstaller\\hooks\\pre_safe_import_module'
18055 INFO: Setuptools: 'jaraco.context' appears to be a setuptools-vendored copy - creating alias to 
'setuptools._vendor.jaraco.context'!
18060 INFO: Processing pre-safe-import-module hook 'hook-backports.tarfile.py' from 'C:\\Users\\Ale01\\AppData\\Local\\Pro
grams\\Python\\Python312\\Lib\\site-packages\\PyInstaller\\hooks\\pre_safe_import_module'
18060 INFO: Setuptools: 'backports.tarfile' appears to be a setuptools-vendored copy - creating alias to 
'setuptools._vendor.backports.tarfile'!
18128 INFO: Processing standard module hook 'hook-backports.py' from 
'C:\\Users\\Ale01\\AppData\\Local\\Programs\\Python\\Python312\\Lib\\site-packages\\_pyinstaller_hooks_contrib\\stdhooks'
18128 INFO: Processing pre-safe-import-module hook 'hook-platformdirs.py' from 'C:\\Users\\Ale01\\AppData\\Local\\Programs
\\Python\\Python312\\Lib\\site-packages\\PyInstaller\\hooks\\pre_safe_import_module'
18134 INFO: Processing standard module hook 'hook-platformdirs.py' from 
'C:\\Users\\Ale01\\AppData\\Local\\Programs\\Python\\Python312\\Lib\\site-packages\\_pyinstaller_hooks_contrib\\stdhooks'
18194 INFO: Processing standard module hook 'hook-cv2.py' from 
'C:\\Users\\Ale01\\AppData\\Local\\Programs\\Python\\Python312\\Lib\\site-packages\\_pyinstaller_hooks_contrib\\stdhooks'
C:\Users\Ale01\AppData\Local\Programs\Python\Python312\Lib\site-packages\wmi.py:2: SyntaxWarning: invalid escape sequence 
'\_'
  """Windows Management Instrumentation (WMI) is Microsoft's answer to
C:\Users\Ale01\AppData\Local\Programs\Python\Python312\Lib\site-packages\wmi.py:917: SyntaxWarning: invalid escape 
sequence '\_'
  """This is the equivalent to the raw-WMI SpawnInstance\_
18976 INFO: Processing pre-safe-import-module hook 'hook-win32com.py' from 'C:\\Users\\Ale01\\AppData\\Local\\Programs\\Py
thon\\Python312\\Lib\\site-packages\\_pyinstaller_hooks_contrib\\pre_safe_import_module'
19069 INFO: Processing standard module hook 'hook-win32com.py' from 
'C:\\Users\\Ale01\\AppData\\Local\\Programs\\Python\\Python312\\Lib\\site-packages\\_pyinstaller_hooks_contrib\\stdhooks'
19069 INFO: Processing standard module hook 'hook-pythoncom.py' from 
'C:\\Users\\Ale01\\AppData\\Local\\Programs\\Python\\Python312\\Lib\\site-packages\\_pyinstaller_hooks_contrib\\stdhooks'
19178 INFO: Processing standard module hook 'hook-pywintypes.py' from 
'C:\\Users\\Ale01\\AppData\\Local\\Programs\\Python\\Python312\\Lib\\site-packages\\_pyinstaller_hooks_contrib\\stdhooks'
19971 INFO: Processing standard module hook 'hook-urllib3.py' from 
'C:\\Users\\Ale01\\AppData\\Local\\Programs\\Python\\Python312\\Lib\\site-packages\\_pyinstaller_hooks_contrib\\stdhooks'
21103 INFO: Processing standard module hook 'hook-certifi.py' from 
'C:\\Users\\Ale01\\AppData\\Local\\Programs\\Python\\Python312\\Lib\\site-packages\\_pyinstaller_hooks_contrib\\stdhooks'
21329 INFO: Processing standard module hook 'hook-matplotlib.py' from 
'C:\\Users\\Ale01\\AppData\\Local\\Programs\\Python\\Python312\\Lib\\site-packages\\PyInstaller\\hooks'
22464 INFO: Processing pre-safe-import-module hook 'hook-gi.py' from 'C:\\Users\\Ale01\\AppData\\Local\\Programs\\Python\\
Python312\\Lib\\site-packages\\PyInstaller\\hooks\\pre_safe_import_module'
22894 INFO: Processing standard module hook 'hook-matplotlib.backend_bases.py' from 
'C:\\Users\\Ale01\\AppData\\Local\\Programs\\Python\\Python312\\Lib\\site-packages\\PyInstaller\\hooks'
24142 INFO: Processing standard module hook 'hook-jinja2.py' from 
'C:\\Users\\Ale01\\AppData\\Local\\Programs\\Python\\Python312\\Lib\\site-packages\\_pyinstaller_hooks_contrib\\stdhooks'
25724 INFO: Processing standard module hook 'hook-matplotlib.backends.py' from 
'C:\\Users\\Ale01\\AppData\\Local\\Programs\\Python\\Python312\\Lib\\site-packages\\PyInstaller\\hooks'
25856 INFO: Processing standard module hook 'hook-matplotlib.pyplot.py' from 
'C:\\Users\\Ale01\\AppData\\Local\\Programs\\Python\\Python312\\Lib\\site-packages\\PyInstaller\\hooks'
28090 INFO: Processing standard module hook 'hook-dateutil.py' from 
'C:\\Users\\Ale01\\AppData\\Local\\Programs\\Python\\Python312\\Lib\\site-packages\\_pyinstaller_hooks_contrib\\stdhooks'
28224 INFO: Processing pre-safe-import-module hook 'hook-six.moves.py' from 'C:\\Users\\Ale01\\AppData\\Local\\Programs\\P
ython\\Python312\\Lib\\site-packages\\PyInstaller\\hooks\\pre_safe_import_module'
30166 INFO: Processing standard module hook 'hook-sklearn.py' from 
'C:\\Users\\Ale01\\AppData\\Local\\Programs\\Python\\Python312\\Lib\\site-packages\\_pyinstaller_hooks_contrib\\stdhooks'
31874 INFO: Processing standard module hook 'hook-sklearn.utils.py' from 
'C:\\Users\\Ale01\\AppData\\Local\\Programs\\Python\\Python312\\Lib\\site-packages\\_pyinstaller_hooks_contrib\\stdhooks'
31963 INFO: Processing standard module hook 'hook-scipy.py' from 
'C:\\Users\\Ale01\\AppData\\Local\\Programs\\Python\\Python312\\Lib\\site-packages\\PyInstaller\\hooks'
32960 INFO: Processing standard module hook 'hook-pytest.py' from 
'C:\\Users\\Ale01\\AppData\\Local\\Programs\\Python\\Python312\\Lib\\site-packages\\_pyinstaller_hooks_contrib\\stdhooks'
33270 INFO: Processing standard module hook 'hook-pygments.py' from 
'C:\\Users\\Ale01\\AppData\\Local\\Programs\\Python\\Python312\\Lib\\site-packages\\PyInstaller\\hooks'
35594 INFO: Processing standard module hook 'hook-py.py' from 
'C:\\Users\\Ale01\\AppData\\Local\\Programs\\Python\\Python312\\Lib\\site-packages\\_pyinstaller_hooks_contrib\\stdhooks'
36937 INFO: Processing standard module hook 'hook-pycparser.py' from 
'C:\\Users\\Ale01\\AppData\\Local\\Programs\\Python\\Python312\\Lib\\site-packages\\_pyinstaller_hooks_contrib\\stdhooks'
37710 INFO: Processing standard module hook 'hook-torch.py' from 
'C:\\Users\\Ale01\\AppData\\Local\\Programs\\Python\\Python312\\Lib\\site-packages\\_pyinstaller_hooks_contrib\\stdhooks'
